
Due to MODULEPATH changes, the following have been reloaded:
  1) mii/1.1.2

The following have been reloaded with a version change:
  1) StdEnv/2023 => StdEnv/2020           5) libfabric/1.18.0 => libfabric/1.10.1
  2) gcccore/.12.3 => gcccore/.9.3.0      6) openmpi/4.1.5 => openmpi/4.0.3
  3) gentoo/2023 => gentoo/2020           7) pmix/4.2.4 => pmix/3.1.5
  4) imkl/2023.2.0 => imkl/2020.1.217     8) ucx/1.14.1 => ucx/1.8.0

Using device: cuda
Using specified label columns: ['Year', 'Brand', 'Body', 'Door']
Dataset initialized with 46434 images and 4 labels: ['Year', 'Brand', 'Body', 'Door']
Label 'Year' has 19 unique values
Label 'Brand' has 28 unique values
Label 'Body' has 8 unique values
Label 'Door' has 2 unique values
Using VAE-GAN architecture with supervised classification
Total number of VAE parameters: 13,231,586
Total number of Discriminator parameters: 1,602,753
Total model parameters: 14,834,339

Epoch 1/2, KLD weight: 0.01000
Epoch 1/2:   0%|          | 0/363 [00:00<?, ?it/s]Epoch 1/2:   0%|          | 0/363 [00:03<?, ?it/s, vae_loss=3.17e+4, recon_loss=3.17e+4, kld_loss=-3.14, cls_loss=0.0711, adv_loss=0.00702, d_loss=0.0105]Epoch 1/2:   0%|          | 1/363 [00:03<20:58,  3.48s/it, vae_loss=3.17e+4, recon_loss=3.17e+4, kld_loss=-3.14, cls_loss=0.0711, adv_loss=0.00702, d_loss=0.0105]Epoch 1/2:   0%|          | 1/363 [00:04<20:58,  3.48s/it, vae_loss=3.14e+4, recon_loss=3.14e+4, kld_loss=8.54, cls_loss=0.0719, adv_loss=0.00889, d_loss=0.00638]Epoch 1/2:   1%|          | 2/363 [00:04<10:49,  1.80s/it, vae_loss=3.14e+4, recon_loss=3.14e+4, kld_loss=8.54, cls_loss=0.0719, adv_loss=0.00889, d_loss=0.00638]Epoch 1/2:   1%|          | 2/363 [00:04<10:49,  1.80s/it, vae_loss=3.13e+4, recon_loss=3.13e+4, kld_loss=23.4, cls_loss=0.0721, adv_loss=0.0119, d_loss=0.00418] Epoch 1/2:   1%|          | 3/363 [00:04<07:37,  1.27s/it, vae_loss=3.13e+4, recon_loss=3.13e+4, kld_loss=23.4, cls_loss=0.0721, adv_loss=0.0119, d_loss=0.00418]Epoch 1/2:   1%|          | 3/363 [00:05<07:37,  1.27s/it, vae_loss=3.11e+4, recon_loss=3.11e+4, kld_loss=40.2, cls_loss=0.0727, adv_loss=0.0163, d_loss=0.00258]Epoch 1/2:   1%|          | 4/363 [00:05<06:04,  1.01s/it, vae_loss=3.11e+4, recon_loss=3.11e+4, kld_loss=40.2, cls_loss=0.0727, adv_loss=0.0163, d_loss=0.00258]Epoch 1/2:   1%|          | 4/363 [00:06<06:04,  1.01s/it, vae_loss=3.06e+4, recon_loss=3.06e+4, kld_loss=60, cls_loss=0.0724, adv_loss=0.0213, d_loss=0.00153]  Epoch 1/2:   1%|▏         | 5/363 [00:06<05:14,  1.14it/s, vae_loss=3.06e+4, recon_loss=3.06e+4, kld_loss=60, cls_loss=0.0724, adv_loss=0.0213, d_loss=0.00153]Epoch 1/2:   1%|▏         | 5/363 [00:06<05:14,  1.14it/s, vae_loss=3.03e+4, recon_loss=3.03e+4, kld_loss=79.7, cls_loss=0.0721, adv_loss=0.0261, d_loss=0.000909]Epoch 1/2:   2%|▏         | 6/363 [00:06<04:42,  1.26it/s, vae_loss=3.03e+4, recon_loss=3.03e+4, kld_loss=79.7, cls_loss=0.0721, adv_loss=0.0261, d_loss=0.000909]Epoch 1/2:   2%|▏         | 6/363 [00:07<04:42,  1.26it/s, vae_loss=3e+4, recon_loss=3e+4, kld_loss=101, cls_loss=0.0743, adv_loss=0.0295, d_loss=0.000625]       Epoch 1/2:   2%|▏         | 7/363 [00:07<04:23,  1.35it/s, vae_loss=3e+4, recon_loss=3e+4, kld_loss=101, cls_loss=0.0743, adv_loss=0.0295, d_loss=0.000625]Epoch 1/2:   2%|▏         | 7/363 [00:07<04:23,  1.35it/s, vae_loss=2.96e+4, recon_loss=2.96e+4, kld_loss=121, cls_loss=0.0736, adv_loss=0.0322, d_loss=0.000454]Epoch 1/2:   2%|▏         | 8/363 [00:07<04:09,  1.42it/s, vae_loss=2.96e+4, recon_loss=2.96e+4, kld_loss=121, cls_loss=0.0736, adv_loss=0.0322, d_loss=0.000454]terminate called after throwing an instance of 'c10::CUDAError'
  what():  CUDA error: an illegal memory access was encountered
CUDA kernel errors might be asynchronously reported at some other API call,so the stacktrace below might be incorrect.
For debugging consider passing CUDA_LAUNCH_BLOCKING=1.
Exception raised from memcpy_and_sync at /tmp/coulombc/pytorch_build_2021-11-10_08-09-16/avx2/python3.9/pytorch/c10/cuda/CUDAFunctions.h:76 (most recent call first):
frame #0: c10::Error::Error(c10::SourceLocation, std::__cxx11::basic_string<char, std::char_traits<char>, std::allocator<char> >) + 0x55 (0x14e8f7376905 in /scratch/beum/motorVAE/env/lib/python3.9/site-packages/torch/lib/libc10.so)
frame #1: <unknown function> + 0x14d2467 (0x14e8b87a0467 in /scratch/beum/motorVAE/env/lib/python3.9/site-packages/torch/lib/libtorch_cuda.so)
frame #2: <unknown function> + 0x14e6c85 (0x14e8d4a72c85 in /scratch/beum/motorVAE/env/lib/python3.9/site-packages/torch/lib/libtorch_cpu.so)

/localscratch/spool/slurmd/job59263231/slurm_script: line 32: 362069 Aborted                 (core dumped) python motorVAEGAN-withSupervision.py --data_dir data/evox_256x256_1-4 --img_size 256 --latent_dim 100 --max_kld_weight 1.0 --tc_weight 50.0 --adv_weight 1.0 --recon_sample_weight 0.5 --cls_weight 1.0 --label_file data/labels_evox_256x256_1-4.csv --label_cols Year,Brand,Body,Door --learning_rate 0.0001 --epochs 2 --batch_size 128 --train --reconstructions --extract_latent --sample --classification_accuracy --visualize_latent_class --feature_attribution --traversals 2021_Toyota_CamryHybrid_XLE_sedan_4Door_2.png --interpolate 2007_Toyota_PriusHybrid_nan_hatchback_5Door_3.png 2025_Hyundai_Ioniq5N_nan_CUV_4Door_2.png --track_reconstruction 2017_Kia_Niro_EX_CUV_4Door_3.png
