
Due to MODULEPATH changes, the following have been reloaded:
  1) mii/1.1.2

The following have been reloaded with a version change:
  1) StdEnv/2023 => StdEnv/2020           5) libfabric/1.18.0 => libfabric/1.10.1
  2) gcccore/.12.3 => gcccore/.9.3.0      6) openmpi/4.1.5 => openmpi/4.0.3
  3) gentoo/2023 => gentoo/2020           7) ucx/1.14.1 => ucx/1.8.0
  4) imkl/2023.2.0 => imkl/2020.1.217


Due to MODULEPATH changes, the following have been reloaded:
  1) libfabric/1.10.1     2) openmpi/4.0.3     3) ucx/1.8.0

/scratch/beum/motorVAE/env/lib/python3.9/site-packages/umap/distances.py:1063: NumbaDeprecationWarning: The 'nopython' keyword argument was not supplied to the 'numba.jit' decorator. The implicit default value for this argument is currently False, but it will be changed to True in Numba 0.59.0. See https://numba.readthedocs.io/en/stable/reference/deprecation.html#deprecation-of-object-mode-fall-back-behaviour-when-using-jit for details.
  @numba.jit()
/scratch/beum/motorVAE/env/lib/python3.9/site-packages/umap/distances.py:1071: NumbaDeprecationWarning: The 'nopython' keyword argument was not supplied to the 'numba.jit' decorator. The implicit default value for this argument is currently False, but it will be changed to True in Numba 0.59.0. See https://numba.readthedocs.io/en/stable/reference/deprecation.html#deprecation-of-object-mode-fall-back-behaviour-when-using-jit for details.
  @numba.jit()
/scratch/beum/motorVAE/env/lib/python3.9/site-packages/umap/distances.py:1086: NumbaDeprecationWarning: The 'nopython' keyword argument was not supplied to the 'numba.jit' decorator. The implicit default value for this argument is currently False, but it will be changed to True in Numba 0.59.0. See https://numba.readthedocs.io/en/stable/reference/deprecation.html#deprecation-of-object-mode-fall-back-behaviour-when-using-jit for details.
  @numba.jit()
/scratch/beum/motorVAE/env/lib/python3.9/site-packages/umap/umap_.py:660: NumbaDeprecationWarning: The 'nopython' keyword argument was not supplied to the 'numba.jit' decorator. The implicit default value for this argument is currently False, but it will be changed to True in Numba 0.59.0. See https://numba.readthedocs.io/en/stable/reference/deprecation.html#deprecation-of-object-mode-fall-back-behaviour-when-using-jit for details.
  @numba.jit()
Using device: cuda
Outputs will be saved to: outputs/res256_lat128_ep250_bat64_lrn0.00015_rec50.0_per2.5_gan0.1_kld0.75(tc0.02_mi0.2_dk1e-05)_cls0.25_pat16
Found 46434 valid images
Number of classes - Year: 19, Make: 28, Body: 8, Door: 2
No checkpoint found. Starting training from scratch.
Selected 2019_Cadillac_CTS_Luxury_sedan_4Door_2.png for reconstruction tracking
Epoch 1/250:   0%|          | 0/719 [00:00<?, ?it/s]Epoch 1/250:   0%|          | 1/719 [00:05<1:01:53,  5.17s/it]terminate called after throwing an instance of 'c10::CUDAError'
  what():  CUDA error: an illegal memory access was encountered
CUDA kernel errors might be asynchronously reported at some other API call,so the stacktrace below might be incorrect.
For debugging consider passing CUDA_LAUNCH_BLOCKING=1.
Exception raised from launch_vectorized_kernel at /tmp/coulombc/pytorch_build_2021-11-10_08-09-16/avx2/python3.9/pytorch/aten/src/ATen/native/cuda/CUDALoops.cuh:104 (most recent call first):
frame #0: c10::Error::Error(c10::SourceLocation, std::__cxx11::basic_string<char, std::char_traits<char>, std::allocator<char> >) + 0x55 (0x148da8957905 in /scratch/beum/motorVAE/env/lib/python3.9/site-packages/torch/lib/libc10.so)
frame #1: void at::native::gpu_kernel_impl<at::native::BinaryFunctor<float, float, float, at::native::AddFunctor<float> > >(at::TensorIteratorBase&, at::native::BinaryFunctor<float, float, float, at::native::AddFunctor<float> > const&) + 0x1094 (0x148d6a23df64 in /scratch/beum/motorVAE/env/lib/python3.9/site-packages/torch/lib/libtorch_cuda.so)
frame #2: void at::native::gpu_kernel<at::native::BinaryFunctor<float, float, float, at::native::AddFunctor<float> > >(at::TensorIteratorBase&, at::native::BinaryFunctor<float, float, float, at::native::AddFunctor<float> > const&) + 0x2fb (0x148d6a23e7cb in /scratch/beum/motorVAE/env/lib/python3.9/site-packages/torch/lib/libtorch_cuda.so)
frame #3: void at::native::opmath_gpu_kernel_with_scalars<float, float, float, at::native::AddFunctor<float> >(at::TensorIteratorBase&, at::native::AddFunctor<float> const&) + 0xef (0x148d6a23e99f in /scratch/beum/motorVAE/env/lib/python3.9/site-packages/torch/lib/libtorch_cuda.so)
frame #4: <unknown function> + 0xf3390a (0x148d6a20190a in /scratch/beum/motorVAE/env/lib/python3.9/site-packages/torch/lib/libtorch_cuda.so)
frame #5: at::native::add_kernel_cuda(at::TensorIteratorBase&, c10::Scalar const&) + 0x20 (0x148d6a202720 in /scratch/beum/motorVAE/env/lib/python3.9/site-packages/torch/lib/libtorch_cuda.so)
frame #6: at::native::structured_add_out::impl(at::Tensor const&, at::Tensor const&, c10::Scalar const&, at::Tensor const&) + 0x4a (0x148d86a25bda in /scratch/beum/motorVAE/env/lib/python3.9/site-packages/torch/lib/libtorch_cpu.so)

/localscratch/spool/slurmd/job60184921/slurm_script: line 23: 903743 Aborted                 (core dumped) python motorVAE.py
